
> cinetrack@0.1.0 build
> next build

  Ôû▓ Next.js 14.2.35
  - Environments: .env.local

   Creating an optimized production build ...
 Ô£ô Compiled successfully
   Linting and checking validity of types ...
node.exe : 
At line:1 char:1
+ & "C:\Program Files\nodejs/
node.exe" "C:\Program Files\n
odejs/node_mo ...
+ ~~~~~~~~~~~~~~~~~~~~~~~~~~~
~~~~~~~~~~~~~~~~~~~~~~~~~~~~~
~~~~~~~~~~~~~
    + CategoryInfo           
   : NotSpecified    : (:Stri
ng) [], Rem    oteException
    + FullyQualifiedErr    or
Id : NativeComman    dError
 
Failed to compile.

./app/izle/dizi/[id]/[sezon]/
[bolum]/error.tsx
3:8  Error: 'Link' is defined
 but never used.  @typescript
-eslint/no-unused-vars

./app/izle/film/[id]/page.tsx
3:31  Error: 'useRef' is defi
ned but never used.  @typescr
ipt-eslint/no-unused-vars
7:10  Error: 'motion' is defi
ned but never used.  @typescr
ipt-eslint/no-unused-vars

./components/profil/ShareCard
Modal.tsx
94:37  Warning: Using `<img>`
 could result in slower LCP a
nd higher bandwidth. Consider
 using `<Image />` from `next
/image` to automatically opti
mize images. This may incur a
dditional usage or cost from 
your provider. See: https://n
extjs.org/docs/messages/no-im
g-element  @next/next/no-img-
element

./lib/subtitles.ts
5:36  Error: 'tmdbId' is defi
ned but never used.  @typescr
ipt-eslint/no-unused-vars
5:52  Error: 'type' is define
d but never used.  @typescrip
t-eslint/no-unused-vars
5:74  Error: 'season' is defi
ned but never used.  @typescr
ipt-eslint/no-unused-vars
5:91  Error: 'episode' is def
ined but never used.  @typesc
ript-eslint/no-unused-vars

info  - Need to disable some 
ESLint rules? Learn more here
: https://nextjs.org/docs/bas
ic-features/eslint#disabling-
rules
